[
  {
    "EmployeeId": 1,
    "CalculatedTax": [
      {
        "Item1": 1000.0,
        "Item2": 0.0
      },
      {
        "Item1": 3999.0,
        "Item2": 399.9
      },
      {
        "Item1": 14999.0,
        "Item2": 2999.8
      },
      {
        "Item1": 48202.0,
        "Item2": 14460.6
      }
    ],
    "TotalTax": 17860.3
  }
]