[
  {
    "EmployeeId": 1,
    "CalculatedTax": [
      {
        "Item1": 68200.0,
        "Item2": 6820.00
      }
    ],
    "TotalTax": 6820.00
  }
]