[
  {
    "Id": 2,
    "MinAmount": 0.0,
    "MaxAmount": 1000.0,
    "Rate": 0.00
  },
  {
    "Id": 3,
    "MinAmount": 1001.0,
    "MaxAmount": 5000.0,
    "Rate": 0.05
  },
  {
    "Id": 4,
    "MinAmount": 5001.0,
    "MaxAmount": 10000.0,
    "Rate": 0.10
  },
  {
    "Id": 5,
    "MinAmount": 10001.0,
    "MaxAmount": 100000.0,
    "Rate": 0.20
  },
  {
    "Id": 5,
    "MinAmount": 100001.0,
    "MaxAmount": 79228162514264337593543950335.0,
    "Rate": 0.35
  }
]