 | Id | Min Amount | Max Amount | Rate | 
 |-------------------------------------| 
 | 2  | 0          | 1000       | 0.00 | 
 | 3  | 1001       | 5000       | 0.05 | 
 | 4  | 5001       | 20000      | 0.10 | 
 | 5  | 20001      | 100000     | 0.20 | 
 | 5  | 100001     | MAX        | 0.35 | 
